221.202.14.246 - - [17/Nov/2017:14:04:26 +0000] "GET /admin/ HTTP/1.1" 200 1648 "http://cryptowill.co/admin/auth/" "Mozilla/5.0 (Windows NT 10.0; Win64; x64) AppleWebKit/537.36 (KHTML, like Gecko) Chrome/62.0.3202.94 Safari/537.36"
221.202.14.246 - - [17/Nov/2017:14:04:29 +0000] "GET /admin/persona/userstatus/ HTTP/1.1" 200 1529 "http://cryptowill.co/admin/" "Mozilla/5.0 (Windows NT 10.0; Win64; x64) AppleWebKit/537.36 (KHTML, like Gecko) Chrome/62.0.3202.94 Safari/537.36"
221.202.14.246 - - [17/Nov/2017:14:04:29 +0000] "GET /admin/jsi18n/ HTTP/1.1" 200 3217 "http://cryptowill.co/admin/persona/userstatus/" "Mozilla/5.0 (Windows NT 10.0; Win64; x64) AppleWebKit/537.36 (KHTML, like Gecko) Chrome/62.0.3202.94 Safari/537.36"
221.202.14.246 - - [17/Nov/2017:14:04:32 +0000] "GET /admin/persona/userstatus/1/change/ HTTP/1.1" 200 2059 "http://cryptowill.co/admin/persona/userstatus/" "Mozilla/5.0 (Windows NT 10.0; Win64; x64) AppleWebKit/537.36 (KHTML, like Gecko) Chrome/62.0.3202.94 Safari/537.36"
221.202.14.246 - - [17/Nov/2017:14:04:33 +0000] "GET /admin/jsi18n/ HTTP/1.1" 200 3217 "http://cryptowill.co/admin/persona/userstatus/1/change/" "Mozilla/5.0 (Windows NT 10.0; Win64; x64) AppleWebKit/537.36 (KHTML, like Gecko) Chrome/62.0.3202.94 Safari/537.36"
221.202.14.246 - - [17/Nov/2017:14:04:35 +0000] "GET /admin/persona/userstatus/1/history/ HTTP/1.1" 200 746 "http://cryptowill.co/admin/persona/userstatus/1/change/" "Mozilla/5.0 (Windows NT 10.0; Win64; x64) AppleWebKit/537.36 (KHTML, like Gecko) Chrome/62.0.3202.94 Safari/537.36"
221.202.14.246 - - [17/Nov/2017:14:04:37 +0000] "GET /admin/persona/ HTTP/1.1" 200 988 "http://cryptowill.co/admin/persona/userstatus/1/history/" "Mozilla/5.0 (Windows NT 10.0; Win64; x64) AppleWebKit/537.36 (KHTML, like Gecko) Chrome/62.0.3202.94 Safari/537.36"
221.202.14.246 - - [17/Nov/2017:14:04:46 +0000] "GET /admin/ HTTP/1.1" 200 1648 "http://cryptowill.co/admin/persona/" "Mozilla/5.0 (Windows NT 10.0; Win64; x64) AppleWebKit/537.36 (KHTML, like Gecko) Chrome/62.0.3202.94 Safari/537.36"
221.202.14.246 - - [17/Nov/2017:14:05:05 +0000] "GET /admin/social_django/association/ HTTP/1.1" 200 1346 "http://cryptowill.co/admin/" "Mozilla/5.0 (Windows NT 10.0; Win64; x64) AppleWebKit/537.36 (KHTML, like Gecko) Chrome/62.0.3202.94 Safari/537.36"
221.202.14.246 - - [17/Nov/2017:14:05:05 +0000] "GET /admin/jsi18n/ HTTP/1.1" 200 3217 "http://cryptowill.co/admin/social_django/association/" "Mozilla/5.0 (Windows NT 10.0; Win64; x64) AppleWebKit/537.36 (KHTML, like Gecko) Chrome/62.0.3202.94 Safari/537.36"
221.202.14.246 - - [17/Nov/2017:14:05:12 +0000] "GET /admin/social_django/ HTTP/1.1" 200 935 "http://cryptowill.co/admin/social_django/association/" "Mozilla/5.0 (Windows NT 10.0; Win64; x64) AppleWebKit/537.36 (KHTML, like Gecko) Chrome/62.0.3202.94 Safari/537.36"
221.202.14.246 - - [17/Nov/2017:14:05:14 +0000] "GET /admin/social_django/nonce/ HTTP/1.1" 200 1248 "http://cryptowill.co/admin/social_django/" "Mozilla/5.0 (Windows NT 10.0; Win64; x64) AppleWebKit/537.36 (KHTML, like Gecko) Chrome/62.0.3202.94 Safari/537.36"
221.202.14.246 - - [17/Nov/2017:14:05:14 +0000] "GET /admin/jsi18n/ HTTP/1.1" 200 3217 "http://cryptowill.co/admin/social_django/nonce/" "Mozilla/5.0 (Windows NT 10.0; Win64; x64) AppleWebKit/537.36 (KHTML, like Gecko) Chrome/62.0.3202.94 Safari/537.36"
221.202.14.246 - - [17/Nov/2017:14:05:16 +0000] "GET /admin/social_django/ HTTP/1.1" 200 935 "http://cryptowill.co/admin/social_django/nonce/" "Mozilla/5.0 (Windows NT 10.0; Win64; x64) AppleWebKit/537.36 (KHTML, like Gecko) Chrome/62.0.3202.94 Safari/537.36"
221.202.14.246 - - [17/Nov/2017:14:05:17 +0000] "GET /admin/social_django/usersocialauth/ HTTP/1.1" 200 1891 "http://cryptowill.co/admin/social_django/" "Mozilla/5.0 (Windows NT 10.0; Win64; x64) AppleWebKit/537.36 (KHTML, like Gecko) Chrome/62.0.3202.94 Safari/537.36"
221.202.14.246 - - [17/Nov/2017:14:05:17 +0000] "GET /admin/jsi18n/ HTTP/1.1" 200 3217 "http://cryptowill.co/admin/social_django/usersocialauth/" "Mozilla/5.0 (Windows NT 10.0; Win64; x64) AppleWebKit/537.36 (KHTML, like Gecko) Chrome/62.0.3202.94 Safari/537.36"
221.202.14.246 - - [17/Nov/2017:14:05:20 +0000] "GET /admin/social_django/usersocialauth/1/change/ HTTP/1.1" 200 2046 "http://cryptowill.co/admin/social_django/usersocialauth/" "Mozilla/5.0 (Windows NT 10.0; Win64; x64) AppleWebKit/537.36 (KHTML, like Gecko) Chrome/62.0.3202.94 Safari/537.36"
221.202.14.246 - - [17/Nov/2017:14:05:20 +0000] "GET /robots.txt HTTP/1.1" 404 1200 "-" "Mozilla/5.0 (Windows NT 10.0; Win64; x64) AppleWebKit/537.36 (KHTML, like Gecko) Chrome/62.0.3202.94 Safari/537.36"
221.202.14.246 - - [17/Nov/2017:14:05:21 +0000] "GET /admin/jsi18n/ HTTP/1.1" 200 3217 "http://cryptowill.co/admin/social_django/usersocialauth/1/change/" "Mozilla/5.0 (Windows NT 10.0; Win64; x64) AppleWebKit/537.36 (KHTML, like Gecko) Chrome/62.0.3202.94 Safari/537.36"
221.202.14.246 - - [17/Nov/2017:14:05:21 +0000] "GET /robots.txt HTTP/1.1" 404 1200 "-" "Mozilla/5.0 (Windows NT 10.0; Win64; x64) AppleWebKit/537.36 (KHTML, like Gecko) Chrome/62.0.3202.94 Safari/537.36"
221.202.14.246 - - [17/Nov/2017:14:05:24 +0000] "GET /admin/social_django/ HTTP/1.1" 200 935 "http://cryptowill.co/admin/social_django/usersocialauth/1/change/" "Mozilla/5.0 (Windows NT 10.0; Win64; x64) AppleWebKit/537.36 (KHTML, like Gecko) Chrome/62.0.3202.94 Safari/537.36"
221.202.14.246 - - [17/Nov/2017:14:05:25 +0000] "GET /admin/ HTTP/1.1" 200 1648 "http://cryptowill.co/admin/social_django/" "Mozilla/5.0 (Windows NT 10.0; Win64; x64) AppleWebKit/537.36 (KHTML, like Gecko) Chrome/62.0.3202.94 Safari/537.36"
221.202.14.246 - - [17/Nov/2017:14:05:43 +0000] "GET /admin/auth/user/ HTTP/1.1" 200 2144 "http://cryptowill.co/admin/" "Mozilla/5.0 (Windows NT 10.0; Win64; x64) AppleWebKit/537.36 (KHTML, like Gecko) Chrome/62.0.3202.94 Safari/537.36"
221.202.14.246 - - [17/Nov/2017:14:05:43 +0000] "GET /admin/jsi18n/ HTTP/1.1" 200 3217 "http://cryptowill.co/admin/auth/user/" "Mozilla/5.0 (Windows NT 10.0; Win64; x64) AppleWebKit/537.36 (KHTML, like Gecko) Chrome/62.0.3202.94 Safari/537.36"
221.202.14.246 - - [17/Nov/2017:14:05:48 +0000] "GET /admin/auth/user/1/change/ HTTP/1.1" 200 3676 "http://cryptowill.co/admin/auth/user/" "Mozilla/5.0 (Windows NT 10.0; Win64; x64) AppleWebKit/537.36 (KHTML, like Gecko) Chrome/62.0.3202.94 Safari/537.36"
221.202.14.246 - - [17/Nov/2017:14:05:48 +0000] "GET /admin/jsi18n/ HTTP/1.1" 200 3217 "http://cryptowill.co/admin/auth/user/1/change/" "Mozilla/5.0 (Windows NT 10.0; Win64; x64) AppleWebKit/537.36 (KHTML, like Gecko) Chrome/62.0.3202.94 Safari/537.36"
221.202.14.246 - - [17/Nov/2017:14:05:53 +0000] "GET /admin/auth/user/1/history/ HTTP/1.1" 200 748 "http://cryptowill.co/admin/auth/user/1/change/" "Mozilla/5.0 (Windows NT 10.0; Win64; x64) AppleWebKit/537.36 (KHTML, like Gecko) Chrome/62.0.3202.94 Safari/537.36"
221.202.14.246 - - [17/Nov/2017:14:05:57 +0000] "GET /admin/auth/user/1/change/ HTTP/1.1" 200 3674 "http://cryptowill.co/admin/auth/user/1/history/" "Mozilla/5.0 (Windows NT 10.0; Win64; x64) AppleWebKit/537.36 (KHTML, like Gecko) Chrome/62.0.3202.94 Safari/537.36"
221.202.14.246 - - [17/Nov/2017:14:05:57 +0000] "GET /admin/jsi18n/ HTTP/1.1" 200 3217 "http://cryptowill.co/admin/auth/user/1/change/" "Mozilla/5.0 (Windows NT 10.0; Win64; x64) AppleWebKit/537.36 (KHTML, like Gecko) Chrome/62.0.3202.94 Safari/537.36"
221.202.14.246 - - [17/Nov/2017:14:06:05 +0000] "GET /admin/auth/ HTTP/1.1" 200 879 "http://cryptowill.co/admin/auth/user/1/change/" "Mozilla/5.0 (Windows NT 10.0; Win64; x64) AppleWebKit/537.36 (KHTML, like Gecko) Chrome/62.0.3202.94 Safari/537.36"
221.202.14.246 - - [17/Nov/2017:14:06:06 +0000] "GET /admin/ HTTP/1.1" 200 1648 "http://cryptowill.co/admin/auth/" "Mozilla/5.0 (Windows NT 10.0; Win64; x64) AppleWebKit/537.36 (KHTML, like Gecko) Chrome/62.0.3202.94 Safari/537.36"
221.202.14.246 - - [17/Nov/2017:14:20:47 +0000] "GET /admin/persona/benefactorprofile/ HTTP/1.1" 200 1538 "http://cryptowill.co/admin/" "Mozilla/5.0 (Windows NT 10.0; Win64; x64) AppleWebKit/537.36 (KHTML, like Gecko) Chrome/62.0.3202.94 Safari/537.36"
221.202.14.246 - - [17/Nov/2017:14:20:48 +0000] "GET /admin/jsi18n/ HTTP/1.1" 200 3217 "http://cryptowill.co/admin/persona/benefactorprofile/" "Mozilla/5.0 (Windows NT 10.0; Win64; x64) AppleWebKit/537.36 (KHTML, like Gecko) Chrome/62.0.3202.94 Safari/537.36"
221.202.14.246 - - [17/Nov/2017:14:20:56 +0000] "GET /admin/ HTTP/1.1" 200 1648 "http://cryptowill.co/admin/persona/benefactorprofile/" "Mozilla/5.0 (Windows NT 10.0; Win64; x64) AppleWebKit/537.36 (KHTML, like Gecko) Chrome/62.0.3202.94 Safari/537.36"
221.202.14.246 - - [17/Nov/2017:14:21:00 +0000] "GET /admin/auth/user/ HTTP/1.1" 200 2147 "http://cryptowill.co/admin/" "Mozilla/5.0 (Windows NT 10.0; Win64; x64) AppleWebKit/537.36 (KHTML, like Gecko) Chrome/62.0.3202.94 Safari/537.36"
221.202.14.246 - - [17/Nov/2017:14:21:00 +0000] "GET /admin/jsi18n/ HTTP/1.1" 200 3217 "http://cryptowill.co/admin/auth/user/" "Mozilla/5.0 (Windows NT 10.0; Win64; x64) AppleWebKit/537.36 (KHTML, like Gecko) Chrome/62.0.3202.94 Safari/537.36"
221.202.14.246 - - [17/Nov/2017:14:21:57 +0000] "GET /admin/auth/user/? HTTP/1.1" 200 2149 "http://cryptowill.co/admin/auth/user/" "Mozilla/5.0 (Windows NT 10.0; Win64; x64) AppleWebKit/537.36 (KHTML, like Gecko) Chrome/62.0.3202.94 Safari/537.36"
221.202.14.246 - - [17/Nov/2017:14:21:59 +0000] "GET /admin/jsi18n/ HTTP/1.1" 200 3217 "http://cryptowill.co/admin/auth/user/?" "Mozilla/5.0 (Windows NT 10.0; Win64; x64) AppleWebKit/537.36 (KHTML, like Gecko) Chrome/62.0.3202.94 Safari/537.36"
221.202.14.246 - - [17/Nov/2017:14:22:05 +0000] "GET /admin/ HTTP/1.1" 200 1648 "http://cryptowill.co/admin/auth/user/?" "Mozilla/5.0 (Windows NT 10.0; Win64; x64) AppleWebKit/537.36 (KHTML, like Gecko) Chrome/62.0.3202.94 Safari/537.36"
221.202.14.246 - - [17/Nov/2017:14:22:09 +0000] "GET /admin/ HTTP/1.1" 200 1648 "http://cryptowill.co/admin/" "Mozilla/5.0 (Windows NT 10.0; Win64; x64) AppleWebKit/537.36 (KHTML, like Gecko) Chrome/62.0.3202.94 Safari/537.36"
221.202.14.246 - - [17/Nov/2017:14:30:53 +0000] "GET /admin/ HTTP/1.1" 200 1351 "http://cryptowill.co/admin/" "Mozilla/5.0 (Windows NT 10.0; Win64; x64) AppleWebKit/537.36 (KHTML, like Gecko) Chrome/62.0.3202.94 Safari/537.36"
196.52.2.27 - - [17/Nov/2017:14:33:51 +0000] "GET / HTTP/1.1" 200 1312 "-" "Mozilla/5.0 (X11; Linux x86_64) AppleWebKit/537.36 (KHTML, like Gecko) Chrome/60.0.3112.90 Safari/537.36"
196.52.2.27 - - [17/Nov/2017:14:33:52 +0000] "GET /static/css/bootstrap.min.css HTTP/1.1" 404 209 "http://cryptowill.co/" "Mozilla/5.0 (X11; Linux x86_64) AppleWebKit/537.36 (KHTML, like Gecko) Chrome/60.0.3112.90 Safari/537.36"
196.52.2.27 - - [17/Nov/2017:14:33:52 +0000] "GET /static/css/font-awesome.css HTTP/1.1" 404 209 "http://cryptowill.co/" "Mozilla/5.0 (X11; Linux x86_64) AppleWebKit/537.36 (KHTML, like Gecko) Chrome/60.0.3112.90 Safari/537.36"
196.52.2.27 - - [17/Nov/2017:14:33:52 +0000] "GET /static/css/custom.css HTTP/1.1" 404 209 "http://cryptowill.co/" "Mozilla/5.0 (X11; Linux x86_64) AppleWebKit/537.36 (KHTML, like Gecko) Chrome/60.0.3112.90 Safari/537.36"
196.52.2.27 - - [17/Nov/2017:14:33:52 +0000] "GET /static/css/style.css HTTP/1.1" 200 893 "http://cryptowill.co/" "Mozilla/5.0 (X11; Linux x86_64) AppleWebKit/537.36 (KHTML, like Gecko) Chrome/60.0.3112.90 Safari/537.36"
196.52.2.27 - - [17/Nov/2017:14:33:52 +0000] "GET /static/js/thesaas.min.js HTTP/1.1" 200 12268 "http://cryptowill.co/" "Mozilla/5.0 (X11; Linux x86_64) AppleWebKit/537.36 (KHTML, like Gecko) Chrome/60.0.3112.90 Safari/537.36"
196.52.2.27 - - [17/Nov/2017:14:33:52 +0000] "GET /static/js/script.js HTTP/1.1" 200 2017 "http://cryptowill.co/" "Mozilla/5.0 (X11; Linux x86_64) AppleWebKit/537.36 (KHTML, like Gecko) Chrome/60.0.3112.90 Safari/537.36"
196.52.2.27 - - [17/Nov/2017:14:33:52 +0000] "GET /static/css/core.min.css HTTP/1.1" 200 236968 "http://cryptowill.co/" "Mozilla/5.0 (X11; Linux x86_64) AppleWebKit/537.36 (KHTML, like Gecko) Chrome/60.0.3112.90 Safari/537.36"
196.52.2.27 - - [17/Nov/2017:14:33:52 +0000] "GET /static/css/thesaas.min.css HTTP/1.1" 200 145424 "http://cryptowill.co/" "Mozilla/5.0 (X11; Linux x86_64) AppleWebKit/537.36 (KHTML, like Gecko) Chrome/60.0.3112.90 Safari/537.36"
196.52.2.27 - - [17/Nov/2017:14:33:52 +0000] "GET /static/js/core.min.js HTTP/1.1" 200 325764 "http://cryptowill.co/" "Mozilla/5.0 (X11; Linux x86_64) AppleWebKit/537.36 (KHTML, like Gecko) Chrome/60.0.3112.90 Safari/537.36"
196.52.2.27 - - [17/Nov/2017:14:33:53 +0000] "GET /static/img/bg-gift.jpg HTTP/1.1" 200 304642 "http://cryptowill.co/" "Mozilla/5.0 (X11; Linux x86_64) AppleWebKit/537.36 (KHTML, like Gecko) Chrome/60.0.3112.90 Safari/537.36"
196.52.2.27 - - [17/Nov/2017:14:33:53 +0000] "GET /static/fonts/fontawesome-webfont.woff2?v=4.7.0 HTTP/1.1" 200 77160 "http://cryptowill.co/static/css/core.min.css" "Mozilla/5.0 (X11; Linux x86_64) AppleWebKit/537.36 (KHTML, like Gecko) Chrome/60.0.3112.90 Safari/537.36"
196.52.2.27 - - [17/Nov/2017:14:33:53 +0000] "GET /static/img/favicon.png HTTP/1.1" 200 3905 "http://cryptowill.co/" "Mozilla/5.0 (X11; Linux x86_64) AppleWebKit/537.36 (KHTML, like Gecko) Chrome/60.0.3112.90 Safari/537.36"
196.52.2.27 - - [17/Nov/2017:14:34:40 +0000] "GET /admin HTTP/1.1" 301 0 "-" "Mozilla/5.0 (X11; Linux x86_64) AppleWebKit/537.36 (KHTML, like Gecko) Chrome/60.0.3112.90 Safari/537.36"
196.52.2.27 - - [17/Nov/2017:14:34:41 +0000] "GET /admin/ HTTP/1.1" 200 1351 "-" "Mozilla/5.0 (X11; Linux x86_64) AppleWebKit/537.36 (KHTML, like Gecko) Chrome/60.0.3112.90 Safari/537.36"
196.52.2.27 - - [17/Nov/2017:14:34:41 +0000] "GET /static/admin/css/dashboard.css HTTP/1.1" 200 412 "http://cryptowill.co/admin/" "Mozilla/5.0 (X11; Linux x86_64) AppleWebKit/537.36 (KHTML, like Gecko) Chrome/60.0.3112.90 Safari/537.36"
196.52.2.27 - - [17/Nov/2017:14:34:41 +0000] "GET /static/admin/css/base.css HTTP/1.1" 200 16066 "http://cryptowill.co/admin/" "Mozilla/5.0 (X11; Linux x86_64) AppleWebKit/537.36 (KHTML, like Gecko) Chrome/60.0.3112.90 Safari/537.36"
196.52.2.27 - - [17/Nov/2017:14:34:42 +0000] "GET /static/admin/css/fonts.css HTTP/1.1" 200 423 "http://cryptowill.co/admin/" "Mozilla/5.0 (X11; Linux x86_64) AppleWebKit/537.36 (KHTML, like Gecko) Chrome/60.0.3112.90 Safari/537.36"
196.52.2.27 - - [17/Nov/2017:14:34:42 +0000] "GET /static/admin/fonts/Roboto-Regular-webfont.woff HTTP/1.1" 200 80304 "http://cryptowill.co/static/admin/css/fonts.css" "Mozilla/5.0 (X11; Linux x86_64) AppleWebKit/537.36 (KHTML, like Gecko) Chrome/60.0.3112.90 Safari/537.36"
196.52.2.27 - - [17/Nov/2017:14:34:42 +0000] "GET /static/admin/fonts/Roboto-Bold-webfont.woff HTTP/1.1" 200 82564 "http://cryptowill.co/static/admin/css/fonts.css" "Mozilla/5.0 (X11; Linux x86_64) AppleWebKit/537.36 (KHTML, like Gecko) Chrome/60.0.3112.90 Safari/537.36"
196.52.2.27 - - [17/Nov/2017:14:34:42 +0000] "GET /static/admin/img/icon-changelink.svg HTTP/1.1" 200 380 "http://cryptowill.co/static/admin/css/base.css" "Mozilla/5.0 (X11; Linux x86_64) AppleWebKit/537.36 (KHTML, like Gecko) Chrome/60.0.3112.90 Safari/537.36"
196.52.2.27 - - [17/Nov/2017:14:34:42 +0000] "GET /static/admin/img/icon-addlink.svg HTTP/1.1" 200 331 "http://cryptowill.co/static/admin/css/base.css" "Mozilla/5.0 (X11; Linux x86_64) AppleWebKit/537.36 (KHTML, like Gecko) Chrome/60.0.3112.90 Safari/537.36"
196.52.2.27 - - [17/Nov/2017:14:34:42 +0000] "GET /static/admin/fonts/Roboto-Light-webfont.woff HTTP/1.1" 200 81348 "http://cryptowill.co/static/admin/css/fonts.css" "Mozilla/5.0 (X11; Linux x86_64) AppleWebKit/537.36 (KHTML, like Gecko) Chrome/60.0.3112.90 Safari/537.36"
196.52.2.27 - - [17/Nov/2017:14:34:45 +0000] "GET /admin/persona/userstatus/ HTTP/1.1" 200 1530 "http://cryptowill.co/admin/" "Mozilla/5.0 (X11; Linux x86_64) AppleWebKit/537.36 (KHTML, like Gecko) Chrome/60.0.3112.90 Safari/537.36"
196.52.2.27 - - [17/Nov/2017:14:34:45 +0000] "GET /static/admin/css/changelists.css HTTP/1.1" 200 6170 "http://cryptowill.co/admin/persona/userstatus/" "Mozilla/5.0 (X11; Linux x86_64) AppleWebKit/537.36 (KHTML, like Gecko) Chrome/60.0.3112.90 Safari/537.36"
196.52.2.27 - - [17/Nov/2017:14:34:45 +0000] "GET /static/admin/js/jquery.init.js HTTP/1.1" 200 363 "http://cryptowill.co/admin/persona/userstatus/" "Mozilla/5.0 (X11; Linux x86_64) AppleWebKit/537.36 (KHTML, like Gecko) Chrome/60.0.3112.90 Safari/537.36"
196.52.2.27 - - [17/Nov/2017:14:34:45 +0000] "GET /admin/jsi18n/ HTTP/1.1" 200 3217 "http://cryptowill.co/admin/persona/userstatus/" "Mozilla/5.0 (X11; Linux x86_64) AppleWebKit/537.36 (KHTML, like Gecko) Chrome/60.0.3112.90 Safari/537.36"
196.52.2.27 - - [17/Nov/2017:14:34:45 +0000] "GET /static/admin/js/core.js HTTP/1.1" 200 7976 "http://cryptowill.co/admin/persona/userstatus/" "Mozilla/5.0 (X11; Linux x86_64) AppleWebKit/537.36 (KHTML, like Gecko) Chrome/60.0.3112.90 Safari/537.36"
196.52.2.27 - - [17/Nov/2017:14:34:45 +0000] "GET /static/admin/js/admin/RelatedObjectLookups.js HTTP/1.1" 200 6591 "http://cryptowill.co/admin/persona/userstatus/" "Mozilla/5.0 (X11; Linux x86_64) AppleWebKit/537.36 (KHTML, like Gecko) Chrome/60.0.3112.90 Safari/537.36"
196.52.2.27 - - [17/Nov/2017:14:34:46 +0000] "GET /static/admin/js/prepopulate.js HTTP/1.1" 200 1538 "http://cryptowill.co/admin/persona/userstatus/" "Mozilla/5.0 (X11; Linux x86_64) AppleWebKit/537.36 (KHTML, like Gecko) Chrome/60.0.3112.90 Safari/537.36"
196.52.2.27 - - [17/Nov/2017:14:34:46 +0000] "GET /static/admin/js/urlify.js HTTP/1.1" 200 8186 "http://cryptowill.co/admin/persona/userstatus/" "Mozilla/5.0 (X11; Linux x86_64) AppleWebKit/537.36 (KHTML, like Gecko) Chrome/60.0.3112.90 Safari/537.36"
196.52.2.27 - - [17/Nov/2017:14:34:46 +0000] "GET /static/admin/js/actions.js HTTP/1.1" 200 6501 "http://cryptowill.co/admin/persona/userstatus/" "Mozilla/5.0 (X11; Linux x86_64) AppleWebKit/537.36 (KHTML, like Gecko) Chrome/60.0.3112.90 Safari/537.36"
196.52.2.27 - - [17/Nov/2017:14:34:46 +0000] "GET /static/admin/js/vendor/xregexp/xregexp.js HTTP/1.1" 200 128820 "http://cryptowill.co/admin/persona/userstatus/" "Mozilla/5.0 (X11; Linux x86_64) AppleWebKit/537.36 (KHTML, like Gecko) Chrome/60.0.3112.90 Safari/537.36"
196.52.2.27 - - [17/Nov/2017:14:34:47 +0000] "GET /static/admin/js/vendor/jquery/jquery.js HTTP/1.1" 200 258648 "http://cryptowill.co/admin/persona/userstatus/" "Mozilla/5.0 (X11; Linux x86_64) AppleWebKit/537.36 (KHTML, like Gecko) Chrome/60.0.3112.90 Safari/537.36"
196.52.2.27 - - [17/Nov/2017:14:34:48 +0000] "GET /static/admin/img/tooltag-add.svg HTTP/1.1" 200 331 "http://cryptowill.co/static/admin/css/base.css" "Mozilla/5.0 (X11; Linux x86_64) AppleWebKit/537.36 (KHTML, like Gecko) Chrome/60.0.3112.90 Safari/537.36"
196.52.2.27 - - [17/Nov/2017:14:34:50 +0000] "GET /admin/persona/userstatus/1/change/ HTTP/1.1" 200 2058 "http://cryptowill.co/admin/persona/userstatus/" "Mozilla/5.0 (X11; Linux x86_64) AppleWebKit/537.36 (KHTML, like Gecko) Chrome/60.0.3112.90 Safari/537.36"
196.52.2.27 - - [17/Nov/2017:14:34:50 +0000] "GET /static/admin/css/forms.css HTTP/1.1" 200 8173 "http://cryptowill.co/admin/persona/userstatus/1/change/" "Mozilla/5.0 (X11; Linux x86_64) AppleWebKit/537.36 (KHTML, like Gecko) Chrome/60.0.3112.90 Safari/537.36"
196.52.2.27 - - [17/Nov/2017:14:34:50 +0000] "GET /static/admin/js/admin/DateTimeShortcuts.js HTTP/1.1" 200 20529 "http://cryptowill.co/admin/persona/userstatus/1/change/" "Mozilla/5.0 (X11; Linux x86_64) AppleWebKit/537.36 (KHTML, like Gecko) Chrome/60.0.3112.90 Safari/537.36"
196.52.2.27 - - [17/Nov/2017:14:34:50 +0000] "GET /static/admin/js/calendar.js HTTP/1.1" 200 7790 "http://cryptowill.co/admin/persona/userstatus/1/change/" "Mozilla/5.0 (X11; Linux x86_64) AppleWebKit/537.36 (KHTML, like Gecko) Chrome/60.0.3112.90 Safari/537.36"
196.52.2.27 - - [17/Nov/2017:14:34:50 +0000] "GET /admin/jsi18n/ HTTP/1.1" 200 3217 "http://cryptowill.co/admin/persona/userstatus/1/change/" "Mozilla/5.0 (X11; Linux x86_64) AppleWebKit/537.36 (KHTML, like Gecko) Chrome/60.0.3112.90 Safari/537.36"
196.52.2.27 - - [17/Nov/2017:14:34:51 +0000] "GET /static/admin/css/widgets.css HTTP/1.1" 200 10340 "http://cryptowill.co/admin/persona/userstatus/1/change/" "Mozilla/5.0 (X11; Linux x86_64) AppleWebKit/537.36 (KHTML, like Gecko) Chrome/60.0.3112.90 Safari/537.36"
196.52.2.27 - - [17/Nov/2017:14:34:51 +0000] "GET /static/admin/js/change_form.js HTTP/1.1" 200 712 "http://cryptowill.co/admin/persona/userstatus/1/change/" "Mozilla/5.0 (X11; Linux x86_64) AppleWebKit/537.36 (KHTML, like Gecko) Chrome/60.0.3112.90 Safari/537.36"
196.52.2.27 - - [17/Nov/2017:14:34:51 +0000] "GET /static/admin/js/prepopulate_init.js HTTP/1.1" 200 495 "http://cryptowill.co/admin/persona/userstatus/1/change/" "Mozilla/5.0 (X11; Linux x86_64) AppleWebKit/537.36 (KHTML, like Gecko) Chrome/60.0.3112.90 Safari/537.36"
196.52.2.27 - - [17/Nov/2017:14:34:51 +0000] "GET /static/admin/img/icon-clock.svg HTTP/1.1" 200 677 "http://cryptowill.co/static/admin/css/widgets.css" "Mozilla/5.0 (X11; Linux x86_64) AppleWebKit/537.36 (KHTML, like Gecko) Chrome/60.0.3112.90 Safari/537.36"
196.52.2.27 - - [17/Nov/2017:14:34:51 +0000] "GET /static/admin/img/icon-calendar.svg HTTP/1.1" 200 1086 "http://cryptowill.co/static/admin/css/widgets.css" "Mozilla/5.0 (X11; Linux x86_64) AppleWebKit/537.36 (KHTML, like Gecko) Chrome/60.0.3112.90 Safari/537.36"
221.202.14.246 - - [17/Nov/2017:14:36:41 +0000] "GET /admin/persona/benefactorprofile/ HTTP/1.1" 200 1533 "http://cryptowill.co/admin/" "Mozilla/5.0 (Windows NT 10.0; Win64; x64) AppleWebKit/537.36 (KHTML, like Gecko) Chrome/62.0.3202.94 Safari/537.36"
221.202.14.246 - - [17/Nov/2017:14:36:41 +0000] "GET /admin/jsi18n/ HTTP/1.1" 200 3217 "http://cryptowill.co/admin/persona/benefactorprofile/" "Mozilla/5.0 (Windows NT 10.0; Win64; x64) AppleWebKit/537.36 (KHTML, like Gecko) Chrome/62.0.3202.94 Safari/537.36"
221.202.14.246 - - [17/Nov/2017:14:36:43 +0000] "GET /admin/persona/benefactorprofile/1/change/ HTTP/1.1" 200 1766 "http://cryptowill.co/admin/persona/benefactorprofile/" "Mozilla/5.0 (Windows NT 10.0; Win64; x64) AppleWebKit/537.36 (KHTML, like Gecko) Chrome/62.0.3202.94 Safari/537.36"
221.202.14.246 - - [17/Nov/2017:14:36:43 +0000] "GET /admin/jsi18n/ HTTP/1.1" 200 3217 "http://cryptowill.co/admin/persona/benefactorprofile/1/change/" "Mozilla/5.0 (Windows NT 10.0; Win64; x64) AppleWebKit/537.36 (KHTML, like Gecko) Chrome/62.0.3202.94 Safari/537.36"
196.52.2.27 - - [17/Nov/2017:14:36:51 +0000] "GET /admin/persona/userstatus/ HTTP/1.1" 200 1533 "http://cryptowill.co/admin/" "Mozilla/5.0 (X11; Linux x86_64) AppleWebKit/537.36 (KHTML, like Gecko) Chrome/60.0.3112.90 Safari/537.36"
196.52.2.27 - - [17/Nov/2017:14:36:53 +0000] "GET /admin/ HTTP/1.1" 200 1351 "-" "Mozilla/5.0 (X11; Linux x86_64) AppleWebKit/537.36 (KHTML, like Gecko) Chrome/60.0.3112.90 Safari/537.36"
196.52.2.27 - - [17/Nov/2017:14:37:02 +0000] "GET / HTTP/1.1" 200 1308 "http://cryptowill.co/admin/" "Mozilla/5.0 (X11; Linux x86_64) AppleWebKit/537.36 (KHTML, like Gecko) Chrome/60.0.3112.90 Safari/537.36"
196.52.2.27 - - [17/Nov/2017:14:37:03 +0000] "GET /static/css/bootstrap.min.css HTTP/1.1" 404 209 "http://cryptowill.co/" "Mozilla/5.0 (X11; Linux x86_64) AppleWebKit/537.36 (KHTML, like Gecko) Chrome/60.0.3112.90 Safari/537.36"
196.52.2.27 - - [17/Nov/2017:14:37:03 +0000] "GET /static/css/font-awesome.css HTTP/1.1" 404 209 "http://cryptowill.co/" "Mozilla/5.0 (X11; Linux x86_64) AppleWebKit/537.36 (KHTML, like Gecko) Chrome/60.0.3112.90 Safari/537.36"
196.52.2.27 - - [17/Nov/2017:14:37:03 +0000] "GET /static/css/custom.css HTTP/1.1" 404 209 "http://cryptowill.co/" "Mozilla/5.0 (X11; Linux x86_64) AppleWebKit/537.36 (KHTML, like Gecko) Chrome/60.0.3112.90 Safari/537.36"
221.202.14.246 - - [17/Nov/2017:14:37:18 +0000] "POST /admin/persona/benefactorprofile/1/change/ HTTP/1.1" 302 0 "http://cryptowill.co/admin/persona/benefactorprofile/1/change/" "Mozilla/5.0 (Windows NT 10.0; Win64; x64) AppleWebKit/537.36 (KHTML, like Gecko) Chrome/62.0.3202.94 Safari/537.36"
221.202.14.246 - - [17/Nov/2017:14:37:18 +0000] "GET /admin/persona/benefactorprofile/ HTTP/1.1" 200 1595 "http://cryptowill.co/admin/persona/benefactorprofile/1/change/" "Mozilla/5.0 (Windows NT 10.0; Win64; x64) AppleWebKit/537.36 (KHTML, like Gecko) Chrome/62.0.3202.94 Safari/537.36"
221.202.14.246 - - [17/Nov/2017:14:37:18 +0000] "GET /admin/jsi18n/ HTTP/1.1" 200 3217 "http://cryptowill.co/admin/persona/benefactorprofile/" "Mozilla/5.0 (Windows NT 10.0; Win64; x64) AppleWebKit/537.36 (KHTML, like Gecko) Chrome/62.0.3202.94 Safari/537.36"
196.52.2.27 - - [17/Nov/2017:14:37:19 +0000] "GET /oauth/login/twitter/ HTTP/1.1" 302 0 "http://cryptowill.co/" "Mozilla/5.0 (X11; Linux x86_64) AppleWebKit/537.36 (KHTML, like Gecko) Chrome/60.0.3112.90 Safari/537.36"
221.202.14.246 - - [17/Nov/2017:14:37:20 +0000] "GET /admin/persona/benefactorprofile/1/change/ HTTP/1.1" 200 1766 "http://cryptowill.co/admin/persona/benefactorprofile/" "Mozilla/5.0 (Windows NT 10.0; Win64; x64) AppleWebKit/537.36 (KHTML, like Gecko) Chrome/62.0.3202.94 Safari/537.36"
221.202.14.246 - - [17/Nov/2017:14:37:20 +0000] "GET /admin/jsi18n/ HTTP/1.1" 200 3217 "http://cryptowill.co/admin/persona/benefactorprofile/1/change/" "Mozilla/5.0 (Windows NT 10.0; Win64; x64) AppleWebKit/537.36 (KHTML, like Gecko) Chrome/62.0.3202.94 Safari/537.36"
196.52.2.27 - - [17/Nov/2017:14:37:35 +0000] "GET /oauth/complete/twitter/?redirect_state=VDndeovVpzuGYFtkRy13awVKs9FD2ddD&oauth_token=QCwRSAAAAAAA3IpdAAABX8ppmYs&oauth_verifier=dNPfAXBGgAB2D9EuzuqUEhnYu6KQ6HtV HTTP/1.1" 302 0 "-" "Mozilla/5.0 (X11; Linux x86_64) AppleWebKit/537.36 (KHTML, like Gecko) Chrome/60.0.3112.90 Safari/537.36"
196.52.2.27 - - [17/Nov/2017:14:37:36 +0000] "GET /logout/ HTTP/1.1" 200 522 "-" "Mozilla/5.0 (X11; Linux x86_64) AppleWebKit/537.36 (KHTML, like Gecko) Chrome/60.0.3112.90 Safari/537.36"
196.52.2.27 - - [17/Nov/2017:14:37:42 +0000] "GET /admin/ HTTP/1.1" 302 0 "http://cryptowill.co/logout/" "Mozilla/5.0 (X11; Linux x86_64) AppleWebKit/537.36 (KHTML, like Gecko) Chrome/60.0.3112.90 Safari/537.36"
196.52.2.27 - - [17/Nov/2017:14:37:42 +0000] "GET /admin/login/?next=/admin/ HTTP/1.1" 200 773 "http://cryptowill.co/logout/" "Mozilla/5.0 (X11; Linux x86_64) AppleWebKit/537.36 (KHTML, like Gecko) Chrome/60.0.3112.90 Safari/537.36"
196.52.2.27 - - [17/Nov/2017:14:37:42 +0000] "GET /static/admin/css/login.css HTTP/1.1" 200 1203 "http://cryptowill.co/admin/login/?next=/admin/" "Mozilla/5.0 (X11; Linux x86_64) AppleWebKit/537.36 (KHTML, like Gecko) Chrome/60.0.3112.90 Safari/537.36"
196.52.2.27 - - [17/Nov/2017:14:37:46 +0000] "GET / HTTP/1.1" 200 1314 "http://cryptowill.co/admin/" "Mozilla/5.0 (X11; Linux x86_64) AppleWebKit/537.36 (KHTML, like Gecko) Chrome/60.0.3112.90 Safari/537.36"
221.202.14.246 - - [17/Nov/2017:14:37:47 +0000] "POST /admin/persona/benefactorprofile/1/change/ HTTP/1.1" 302 0 "http://cryptowill.co/admin/persona/benefactorprofile/1/change/" "Mozilla/5.0 (Windows NT 10.0; Win64; x64) AppleWebKit/537.36 (KHTML, like Gecko) Chrome/62.0.3202.94 Safari/537.36"
221.202.14.246 - - [17/Nov/2017:14:37:47 +0000] "GET /admin/persona/benefactorprofile/ HTTP/1.1" 200 1612 "http://cryptowill.co/admin/persona/benefactorprofile/1/change/" "Mozilla/5.0 (Windows NT 10.0; Win64; x64) AppleWebKit/537.36 (KHTML, like Gecko) Chrome/62.0.3202.94 Safari/537.36"
221.202.14.246 - - [17/Nov/2017:14:37:47 +0000] "GET /admin/jsi18n/ HTTP/1.1" 200 3217 "http://cryptowill.co/admin/persona/benefactorprofile/" "Mozilla/5.0 (Windows NT 10.0; Win64; x64) AppleWebKit/537.36 (KHTML, like Gecko) Chrome/62.0.3202.94 Safari/537.36"
196.52.2.27 - - [17/Nov/2017:14:37:49 +0000] "GET / HTTP/1.1" 200 1308 "http://cryptowill.co/admin/" "Mozilla/5.0 (X11; Linux x86_64) AppleWebKit/537.36 (KHTML, like Gecko) Chrome/60.0.3112.90 Safari/537.36"
196.52.2.27 - - [17/Nov/2017:14:37:49 +0000] "GET /static/css/font-awesome.css HTTP/1.1" 404 209 "http://cryptowill.co/" "Mozilla/5.0 (X11; Linux x86_64) AppleWebKit/537.36 (KHTML, like Gecko) Chrome/60.0.3112.90 Safari/537.36"
196.52.2.27 - - [17/Nov/2017:14:37:49 +0000] "GET /static/css/bootstrap.min.css HTTP/1.1" 404 209 "http://cryptowill.co/" "Mozilla/5.0 (X11; Linux x86_64) AppleWebKit/537.36 (KHTML, like Gecko) Chrome/60.0.3112.90 Safari/537.36"
196.52.2.27 - - [17/Nov/2017:14:37:49 +0000] "GET /static/css/custom.css HTTP/1.1" 404 209 "http://cryptowill.co/" "Mozilla/5.0 (X11; Linux x86_64) AppleWebKit/537.36 (KHTML, like Gecko) Chrome/60.0.3112.90 Safari/537.36"
196.52.2.27 - - [17/Nov/2017:14:37:49 +0000] "GET /static/img/favicon.png HTTP/1.1" 200 3905 "http://cryptowill.co/" "Mozilla/5.0 (X11; Linux x86_64) AppleWebKit/537.36 (KHTML, like Gecko) Chrome/60.0.3112.90 Safari/537.36"
221.202.14.246 - - [17/Nov/2017:14:37:52 +0000] "GET /admin/persona/benefactorprofile/1/change/ HTTP/1.1" 200 1790 "http://cryptowill.co/admin/persona/benefactorprofile/" "Mozilla/5.0 (Windows NT 10.0; Win64; x64) AppleWebKit/537.36 (KHTML, like Gecko) Chrome/62.0.3202.94 Safari/537.36"
221.202.14.246 - - [17/Nov/2017:14:37:52 +0000] "GET /admin/jsi18n/ HTTP/1.1" 200 3217 "http://cryptowill.co/admin/persona/benefactorprofile/1/change/" "Mozilla/5.0 (Windows NT 10.0; Win64; x64) AppleWebKit/537.36 (KHTML, like Gecko) Chrome/62.0.3202.94 Safari/537.36"
196.52.2.27 - - [17/Nov/2017:14:37:54 +0000] "GET /admin/ HTTP/1.1" 302 0 "-" "Mozilla/5.0 (X11; Linux x86_64) AppleWebKit/537.36 (KHTML, like Gecko) Chrome/60.0.3112.90 Safari/537.36"
196.52.2.27 - - [17/Nov/2017:14:37:54 +0000] "GET /admin/login/?next=/admin/ HTTP/1.1" 200 772 "-" "Mozilla/5.0 (X11; Linux x86_64) AppleWebKit/537.36 (KHTML, like Gecko) Chrome/60.0.3112.90 Safari/537.36"
196.52.2.27 - - [17/Nov/2017:14:37:59 +0000] "POST /admin/login/?next=/admin/ HTTP/1.1" 302 0 "http://cryptowill.co/admin/login/?next=/admin/" "Mozilla/5.0 (X11; Linux x86_64) AppleWebKit/537.36 (KHTML, like Gecko) Chrome/60.0.3112.90 Safari/537.36"
196.52.2.27 - - [17/Nov/2017:14:37:59 +0000] "GET /admin/ HTTP/1.1" 200 1472 "http://cryptowill.co/admin/login/?next=/admin/" "Mozilla/5.0 (X11; Linux x86_64) AppleWebKit/537.36 (KHTML, like Gecko) Chrome/60.0.3112.90 Safari/537.36"
196.52.2.27 - - [17/Nov/2017:14:38:04 +0000] "GET /admin/persona/benefactorprofile/ HTTP/1.1" 200 1551 "http://cryptowill.co/admin/" "Mozilla/5.0 (X11; Linux x86_64) AppleWebKit/537.36 (KHTML, like Gecko) Chrome/60.0.3112.90 Safari/537.36"
196.52.2.27 - - [17/Nov/2017:14:38:04 +0000] "GET /admin/jsi18n/ HTTP/1.1" 200 3217 "http://cryptowill.co/admin/persona/benefactorprofile/" "Mozilla/5.0 (X11; Linux x86_64) AppleWebKit/537.36 (KHTML, like Gecko) Chrome/60.0.3112.90 Safari/537.36"
196.52.2.27 - - [17/Nov/2017:14:38:06 +0000] "GET /admin/ HTTP/1.1" 200 1472 "http://cryptowill.co/admin/login/?next=/admin/" "Mozilla/5.0 (X11; Linux x86_64) AppleWebKit/537.36 (KHTML, like Gecko) Chrome/60.0.3112.90 Safari/537.36"
196.52.2.27 - - [17/Nov/2017:14:38:07 +0000] "GET /admin/persona/benefactor/ HTTP/1.1" 200 1637 "http://cryptowill.co/admin/" "Mozilla/5.0 (X11; Linux x86_64) AppleWebKit/537.36 (KHTML, like Gecko) Chrome/60.0.3112.90 Safari/537.36"
196.52.2.27 - - [17/Nov/2017:14:38:07 +0000] "GET /admin/jsi18n/ HTTP/1.1" 200 3217 "http://cryptowill.co/admin/persona/benefactor/" "Mozilla/5.0 (X11; Linux x86_64) AppleWebKit/537.36 (KHTML, like Gecko) Chrome/60.0.3112.90 Safari/537.36"
196.52.2.27 - - [17/Nov/2017:14:38:10 +0000] "GET /admin/ HTTP/1.1" 200 1472 "http://cryptowill.co/admin/login/?next=/admin/" "Mozilla/5.0 (X11; Linux x86_64) AppleWebKit/537.36 (KHTML, like Gecko) Chrome/60.0.3112.90 Safari/537.36"
196.52.2.27 - - [17/Nov/2017:14:38:12 +0000] "GET /admin/auth/user/ HTTP/1.1" 200 2181 "http://cryptowill.co/admin/" "Mozilla/5.0 (X11; Linux x86_64) AppleWebKit/537.36 (KHTML, like Gecko) Chrome/60.0.3112.90 Safari/537.36"
196.52.2.27 - - [17/Nov/2017:14:38:12 +0000] "GET /admin/jsi18n/ HTTP/1.1" 200 3217 "http://cryptowill.co/admin/auth/user/" "Mozilla/5.0 (X11; Linux x86_64) AppleWebKit/537.36 (KHTML, like Gecko) Chrome/60.0.3112.90 Safari/537.36"
196.52.2.27 - - [17/Nov/2017:14:38:12 +0000] "GET /static/admin/img/search.svg HTTP/1.1" 200 458 "http://cryptowill.co/admin/auth/user/" "Mozilla/5.0 (X11; Linux x86_64) AppleWebKit/537.36 (KHTML, like Gecko) Chrome/60.0.3112.90 Safari/537.36"
196.52.2.27 - - [17/Nov/2017:14:38:12 +0000] "GET /static/admin/img/icon-yes.svg HTTP/1.1" 200 436 "http://cryptowill.co/admin/auth/user/" "Mozilla/5.0 (X11; Linux x86_64) AppleWebKit/537.36 (KHTML, like Gecko) Chrome/60.0.3112.90 Safari/537.36"
196.52.2.27 - - [17/Nov/2017:14:38:12 +0000] "GET /static/admin/img/icon-no.svg HTTP/1.1" 200 560 "http://cryptowill.co/admin/auth/user/" "Mozilla/5.0 (X11; Linux x86_64) AppleWebKit/537.36 (KHTML, like Gecko) Chrome/60.0.3112.90 Safari/537.36"
196.52.2.27 - - [17/Nov/2017:14:38:12 +0000] "GET /static/admin/img/sorting-icons.svg HTTP/1.1" 200 1097 "http://cryptowill.co/static/admin/css/base.css" "Mozilla/5.0 (X11; Linux x86_64) AppleWebKit/537.36 (KHTML, like Gecko) Chrome/60.0.3112.90 Safari/537.36"
221.202.14.246 - - [17/Nov/2017:14:38:18 +0000] "GET /admin/ HTTP/1.1" 200 1472 "http://cryptowill.co/admin/persona/benefactorprofile/1/change/" "Mozilla/5.0 (Windows NT 10.0; Win64; x64) AppleWebKit/537.36 (KHTML, like Gecko) Chrome/62.0.3202.94 Safari/537.36"
196.52.2.27 - - [17/Nov/2017:14:38:36 +0000] "GET /admin/ HTTP/1.1" 200 1472 "http://cryptowill.co/admin/login/?next=/admin/" "Mozilla/5.0 (X11; Linux x86_64) AppleWebKit/537.36 (KHTML, like Gecko) Chrome/60.0.3112.90 Safari/537.36"
196.52.2.27 - - [17/Nov/2017:14:38:42 +0000] "GET /admin/persona/trainingdata/ HTTP/1.1" 200 4462 "http://cryptowill.co/admin/" "Mozilla/5.0 (X11; Linux x86_64) AppleWebKit/537.36 (KHTML, like Gecko) Chrome/60.0.3112.90 Safari/537.36"
196.52.2.27 - - [17/Nov/2017:14:38:43 +0000] "GET /admin/jsi18n/ HTTP/1.1" 200 3217 "http://cryptowill.co/admin/persona/trainingdata/" "Mozilla/5.0 (X11; Linux x86_64) AppleWebKit/537.36 (KHTML, like Gecko) Chrome/60.0.3112.90 Safari/537.36"
196.52.2.27 - - [17/Nov/2017:14:38:46 +0000] "GET /admin/ HTTP/1.1" 200 1472 "http://cryptowill.co/admin/login/?next=/admin/" "Mozilla/5.0 (X11; Linux x86_64) AppleWebKit/537.36 (KHTML, like Gecko) Chrome/60.0.3112.90 Safari/537.36"
221.202.14.246 - - [17/Nov/2017:14:38:58 +0000] "GET /admin/persona/userstatus/ HTTP/1.1" 200 1542 "http://cryptowill.co/admin/" "Mozilla/5.0 (Windows NT 10.0; Win64; x64) AppleWebKit/537.36 (KHTML, like Gecko) Chrome/62.0.3202.94 Safari/537.36"
221.202.14.246 - - [17/Nov/2017:14:38:58 +0000] "GET /admin/jsi18n/ HTTP/1.1" 200 3217 "http://cryptowill.co/admin/persona/userstatus/" "Mozilla/5.0 (Windows NT 10.0; Win64; x64) AppleWebKit/537.36 (KHTML, like Gecko) Chrome/62.0.3202.94 Safari/537.36"
221.202.14.246 - - [17/Nov/2017:14:39:00 +0000] "GET /admin/persona/userstatus/1/change/ HTTP/1.1" 200 2076 "http://cryptowill.co/admin/persona/userstatus/" "Mozilla/5.0 (Windows NT 10.0; Win64; x64) AppleWebKit/537.36 (KHTML, like Gecko) Chrome/62.0.3202.94 Safari/537.36"
221.202.14.246 - - [17/Nov/2017:14:39:00 +0000] "GET /admin/jsi18n/ HTTP/1.1" 200 3217 "http://cryptowill.co/admin/persona/userstatus/1/change/" "Mozilla/5.0 (Windows NT 10.0; Win64; x64) AppleWebKit/537.36 (KHTML, like Gecko) Chrome/62.0.3202.94 Safari/537.36"
221.202.14.246 - - [17/Nov/2017:14:39:54 +0000] "GET /admin/persona/userstatus/ HTTP/1.1" 200 1549 "http://cryptowill.co/admin/persona/userstatus/1/change/" "Mozilla/5.0 (Windows NT 10.0; Win64; x64) AppleWebKit/537.36 (KHTML, like Gecko) Chrome/62.0.3202.94 Safari/537.36"
221.202.14.246 - - [17/Nov/2017:14:39:55 +0000] "GET /admin/jsi18n/ HTTP/1.1" 200 3217 "http://cryptowill.co/admin/persona/userstatus/" "Mozilla/5.0 (Windows NT 10.0; Win64; x64) AppleWebKit/537.36 (KHTML, like Gecko) Chrome/62.0.3202.94 Safari/537.36"
221.202.14.246 - - [17/Nov/2017:14:39:56 +0000] "GET /admin/persona/ HTTP/1.1" 200 1002 "http://cryptowill.co/admin/persona/userstatus/" "Mozilla/5.0 (Windows NT 10.0; Win64; x64) AppleWebKit/537.36 (KHTML, like Gecko) Chrome/62.0.3202.94 Safari/537.36"
221.202.14.246 - - [17/Nov/2017:14:40:01 +0000] "GET /admin/ HTTP/1.1" 200 1472 "http://cryptowill.co/admin/persona/" "Mozilla/5.0 (Windows NT 10.0; Win64; x64) AppleWebKit/537.36 (KHTML, like Gecko) Chrome/62.0.3202.94 Safari/537.36"
221.202.14.246 - - [17/Nov/2017:14:40:02 +0000] "GET /admin/auth/user/ HTTP/1.1" 200 2176 "http://cryptowill.co/admin/" "Mozilla/5.0 (Windows NT 10.0; Win64; x64) AppleWebKit/537.36 (KHTML, like Gecko) Chrome/62.0.3202.94 Safari/537.36"
221.202.14.246 - - [17/Nov/2017:14:40:02 +0000] "GET /admin/jsi18n/ HTTP/1.1" 200 3217 "http://cryptowill.co/admin/auth/user/" "Mozilla/5.0 (Windows NT 10.0; Win64; x64) AppleWebKit/537.36 (KHTML, like Gecko) Chrome/62.0.3202.94 Safari/537.36"
221.202.14.246 - - [17/Nov/2017:14:40:04 +0000] "GET /admin/auth/user/3/change/ HTTP/1.1" 200 3719 "http://cryptowill.co/admin/auth/user/" "Mozilla/5.0 (Windows NT 10.0; Win64; x64) AppleWebKit/537.36 (KHTML, like Gecko) Chrome/62.0.3202.94 Safari/537.36"
221.202.14.246 - - [17/Nov/2017:14:40:04 +0000] "GET /admin/jsi18n/ HTTP/1.1" 200 3217 "http://cryptowill.co/admin/auth/user/3/change/" "Mozilla/5.0 (Windows NT 10.0; Win64; x64) AppleWebKit/537.36 (KHTML, like Gecko) Chrome/62.0.3202.94 Safari/537.36"
221.202.14.246 - - [17/Nov/2017:14:40:34 +0000] "GET /admin/ HTTP/1.1" 200 1472 "http://cryptowill.co/admin/auth/user/3/change/" "Mozilla/5.0 (Windows NT 10.0; Win64; x64) AppleWebKit/537.36 (KHTML, like Gecko) Chrome/62.0.3202.94 Safari/537.36"
221.202.14.246 - - [17/Nov/2017:14:40:40 +0000] "GET /admin/social_django/association/ HTTP/1.1" 200 1360 "http://cryptowill.co/admin/" "Mozilla/5.0 (Windows NT 10.0; Win64; x64) AppleWebKit/537.36 (KHTML, like Gecko) Chrome/62.0.3202.94 Safari/537.36"
221.202.14.246 - - [17/Nov/2017:14:40:40 +0000] "GET /admin/jsi18n/ HTTP/1.1" 200 3217 "http://cryptowill.co/admin/social_django/association/" "Mozilla/5.0 (Windows NT 10.0; Win64; x64) AppleWebKit/537.36 (KHTML, like Gecko) Chrome/62.0.3202.94 Safari/537.36"
221.202.14.246 - - [17/Nov/2017:14:40:43 +0000] "GET /admin/social_django/ HTTP/1.1" 200 949 "http://cryptowill.co/admin/social_django/association/" "Mozilla/5.0 (Windows NT 10.0; Win64; x64) AppleWebKit/537.36 (KHTML, like Gecko) Chrome/62.0.3202.94 Safari/537.36"
221.202.14.246 - - [17/Nov/2017:14:40:44 +0000] "GET /admin/social_django/nonce/ HTTP/1.1" 200 1264 "http://cryptowill.co/admin/social_django/" "Mozilla/5.0 (Windows NT 10.0; Win64; x64) AppleWebKit/537.36 (KHTML, like Gecko) Chrome/62.0.3202.94 Safari/537.36"
221.202.14.246 - - [17/Nov/2017:14:40:45 +0000] "GET /admin/jsi18n/ HTTP/1.1" 200 3217 "http://cryptowill.co/admin/social_django/nonce/" "Mozilla/5.0 (Windows NT 10.0; Win64; x64) AppleWebKit/537.36 (KHTML, like Gecko) Chrome/62.0.3202.94 Safari/537.36"
196.52.2.27 - - [17/Nov/2017:14:40:45 +0000] "GET /static/css/bootstrap.min.css HTTP/1.1" 404 209 "http://cryptowill.co/" "Mozilla/5.0 (X11; Linux x86_64) AppleWebKit/537.36 (KHTML, like Gecko) Chrome/60.0.3112.90 Safari/537.36"
196.52.2.27 - - [17/Nov/2017:14:40:45 +0000] "GET /static/css/font-awesome.css HTTP/1.1" 404 209 "http://cryptowill.co/" "Mozilla/5.0 (X11; Linux x86_64) AppleWebKit/537.36 (KHTML, like Gecko) Chrome/60.0.3112.90 Safari/537.36"
196.52.2.27 - - [17/Nov/2017:14:40:45 +0000] "GET /static/css/custom.css HTTP/1.1" 404 209 "http://cryptowill.co/" "Mozilla/5.0 (X11; Linux x86_64) AppleWebKit/537.36 (KHTML, like Gecko) Chrome/60.0.3112.90 Safari/537.36"
196.52.2.27 - - [17/Nov/2017:14:40:45 +0000] "GET /static/js/maps/swiper.jquery.min.js.map HTTP/1.1" 404 209 "-" "Mozilla/5.0 (X11; Linux x86_64) AppleWebKit/537.36 (KHTML, like Gecko) Chrome/60.0.3112.90 Safari/537.36"
221.202.14.246 - - [17/Nov/2017:14:40:46 +0000] "GET /admin/social_django/ HTTP/1.1" 200 949 "http://cryptowill.co/admin/social_django/nonce/" "Mozilla/5.0 (Windows NT 10.0; Win64; x64) AppleWebKit/537.36 (KHTML, like Gecko) Chrome/62.0.3202.94 Safari/537.36"
221.202.14.246 - - [17/Nov/2017:14:40:47 +0000] "GET /admin/social_django/usersocialauth/ HTTP/1.1" 200 1973 "http://cryptowill.co/admin/social_django/" "Mozilla/5.0 (Windows NT 10.0; Win64; x64) AppleWebKit/537.36 (KHTML, like Gecko) Chrome/62.0.3202.94 Safari/537.36"
221.202.14.246 - - [17/Nov/2017:14:40:47 +0000] "GET /admin/jsi18n/ HTTP/1.1" 200 3217 "http://cryptowill.co/admin/social_django/usersocialauth/" "Mozilla/5.0 (Windows NT 10.0; Win64; x64) AppleWebKit/537.36 (KHTML, like Gecko) Chrome/62.0.3202.94 Safari/537.36"
221.202.14.246 - - [17/Nov/2017:14:40:49 +0000] "GET /admin/social_django/usersocialauth/1/change/ HTTP/1.1" 200 2072 "http://cryptowill.co/admin/social_django/usersocialauth/" "Mozilla/5.0 (Windows NT 10.0; Win64; x64) AppleWebKit/537.36 (KHTML, like Gecko) Chrome/62.0.3202.94 Safari/537.36"
221.202.14.246 - - [17/Nov/2017:14:40:49 +0000] "GET /admin/jsi18n/ HTTP/1.1" 200 3217 "http://cryptowill.co/admin/social_django/usersocialauth/1/change/" "Mozilla/5.0 (Windows NT 10.0; Win64; x64) AppleWebKit/537.36 (KHTML, like Gecko) Chrome/62.0.3202.94 Safari/537.36"
221.202.14.246 - - [17/Nov/2017:14:41:03 +0000] "GET /admin/social_django/ HTTP/1.1" 200 949 "http://cryptowill.co/admin/social_django/usersocialauth/1/change/" "Mozilla/5.0 (Windows NT 10.0; Win64; x64) AppleWebKit/537.36 (KHTML, like Gecko) Chrome/62.0.3202.94 Safari/537.36"
221.202.14.246 - - [17/Nov/2017:14:41:04 +0000] "GET /admin/ HTTP/1.1" 200 1472 "http://cryptowill.co/admin/social_django/" "Mozilla/5.0 (Windows NT 10.0; Win64; x64) AppleWebKit/537.36 (KHTML, like Gecko) Chrome/62.0.3202.94 Safari/537.36"
221.202.14.246 - - [17/Nov/2017:14:41:08 +0000] "GET /admin/django_cron/cronjoblog/ HTTP/1.1" 200 2839 "http://cryptowill.co/admin/" "Mozilla/5.0 (Windows NT 10.0; Win64; x64) AppleWebKit/537.36 (KHTML, like Gecko) Chrome/62.0.3202.94 Safari/537.36"
221.202.14.246 - - [17/Nov/2017:14:41:08 +0000] "GET /admin/jsi18n/ HTTP/1.1" 200 3217 "http://cryptowill.co/admin/django_cron/cronjoblog/" "Mozilla/5.0 (Windows NT 10.0; Win64; x64) AppleWebKit/537.36 (KHTML, like Gecko) Chrome/62.0.3202.94 Safari/537.36"
221.202.14.246 - - [17/Nov/2017:14:41:19 +0000] "GET /admin/ HTTP/1.1" 200 1472 "http://cryptowill.co/admin/django_cron/cronjoblog/" "Mozilla/5.0 (Windows NT 10.0; Win64; x64) AppleWebKit/537.36 (KHTML, like Gecko) Chrome/62.0.3202.94 Safari/537.36"
221.202.14.246 - - [17/Nov/2017:14:41:21 +0000] "GET /admin/auth/user/ HTTP/1.1" 200 2182 "http://cryptowill.co/admin/" "Mozilla/5.0 (Windows NT 10.0; Win64; x64) AppleWebKit/537.36 (KHTML, like Gecko) Chrome/62.0.3202.94 Safari/537.36"
221.202.14.246 - - [17/Nov/2017:14:41:21 +0000] "GET /admin/jsi18n/ HTTP/1.1" 200 3217 "http://cryptowill.co/admin/auth/user/" "Mozilla/5.0 (Windows NT 10.0; Win64; x64) AppleWebKit/537.36 (KHTML, like Gecko) Chrome/62.0.3202.94 Safari/537.36"
221.202.14.246 - - [17/Nov/2017:14:41:29 +0000] "GET /admin/auth/user/1/change/ HTTP/1.1" 200 3728 "http://cryptowill.co/admin/auth/user/" "Mozilla/5.0 (Windows NT 10.0; Win64; x64) AppleWebKit/537.36 (KHTML, like Gecko) Chrome/62.0.3202.94 Safari/537.36"
221.202.14.246 - - [17/Nov/2017:14:41:29 +0000] "GET /admin/jsi18n/ HTTP/1.1" 200 3217 "http://cryptowill.co/admin/auth/user/1/change/" "Mozilla/5.0 (Windows NT 10.0; Win64; x64) AppleWebKit/537.36 (KHTML, like Gecko) Chrome/62.0.3202.94 Safari/537.36"
196.52.2.27 - - [17/Nov/2017:14:41:45 +0000] "GET /admin/social_django/association/ HTTP/1.1" 200 1359 "http://cryptowill.co/admin/" "Mozilla/5.0 (X11; Linux x86_64) AppleWebKit/537.36 (KHTML, like Gecko) Chrome/60.0.3112.90 Safari/537.36"
196.52.2.27 - - [17/Nov/2017:14:41:45 +0000] "GET /admin/jsi18n/ HTTP/1.1" 200 3217 "http://cryptowill.co/admin/social_django/association/" "Mozilla/5.0 (X11; Linux x86_64) AppleWebKit/537.36 (KHTML, like Gecko) Chrome/60.0.3112.90 Safari/537.36"
196.52.2.27 - - [17/Nov/2017:14:41:47 +0000] "GET /admin/ HTTP/1.1" 200 1472 "http://cryptowill.co/admin/login/?next=/admin/" "Mozilla/5.0 (X11; Linux x86_64) AppleWebKit/537.36 (KHTML, like Gecko) Chrome/60.0.3112.90 Safari/537.36"
196.52.2.27 - - [17/Nov/2017:14:41:48 +0000] "GET /admin/social_django/nonce/ HTTP/1.1" 200 1258 "http://cryptowill.co/admin/" "Mozilla/5.0 (X11; Linux x86_64) AppleWebKit/537.36 (KHTML, like Gecko) Chrome/60.0.3112.90 Safari/537.36"
221.202.14.246 - - [17/Nov/2017:14:41:48 +0000] "POST /admin/auth/user/1/change/ HTTP/1.1" 302 0 "http://cryptowill.co/admin/auth/user/1/change/" "Mozilla/5.0 (Windows NT 10.0; Win64; x64) AppleWebKit/537.36 (KHTML, like Gecko) Chrome/62.0.3202.94 Safari/537.36"
221.202.14.246 - - [17/Nov/2017:14:41:49 +0000] "GET /admin/auth/user/ HTTP/1.1" 200 2218 "http://cryptowill.co/admin/auth/user/1/change/" "Mozilla/5.0 (Windows NT 10.0; Win64; x64) AppleWebKit/537.36 (KHTML, like Gecko) Chrome/62.0.3202.94 Safari/537.36"
196.52.2.27 - - [17/Nov/2017:14:41:49 +0000] "GET /admin/jsi18n/ HTTP/1.1" 200 3217 "http://cryptowill.co/admin/social_django/nonce/" "Mozilla/5.0 (X11; Linux x86_64) AppleWebKit/537.36 (KHTML, like Gecko) Chrome/60.0.3112.90 Safari/537.36"
221.202.14.246 - - [17/Nov/2017:14:41:49 +0000] "GET /admin/jsi18n/ HTTP/1.1" 200 3217 "http://cryptowill.co/admin/auth/user/" "Mozilla/5.0 (Windows NT 10.0; Win64; x64) AppleWebKit/537.36 (KHTML, like Gecko) Chrome/62.0.3202.94 Safari/537.36"
196.52.2.27 - - [17/Nov/2017:14:41:50 +0000] "GET /admin/ HTTP/1.1" 200 1477 "http://cryptowill.co/admin/login/?next=/admin/" "Mozilla/5.0 (X11; Linux x86_64) AppleWebKit/537.36 (KHTML, like Gecko) Chrome/60.0.3112.90 Safari/537.36"
196.52.2.27 - - [17/Nov/2017:14:41:52 +0000] "GET /admin/persona/trainingdata/ HTTP/1.1" 200 4449 "http://cryptowill.co/admin/" "Mozilla/5.0 (X11; Linux x86_64) AppleWebKit/537.36 (KHTML, like Gecko) Chrome/60.0.3112.90 Safari/537.36"
196.52.2.27 - - [17/Nov/2017:14:41:53 +0000] "GET /admin/jsi18n/ HTTP/1.1" 200 3217 "http://cryptowill.co/admin/persona/trainingdata/" "Mozilla/5.0 (X11; Linux x86_64) AppleWebKit/537.36 (KHTML, like Gecko) Chrome/60.0.3112.90 Safari/537.36"
196.52.2.27 - - [17/Nov/2017:14:41:58 +0000] "GET /admin/persona/trainingdata/?p=16 HTTP/1.1" 200 2569 "http://cryptowill.co/admin/persona/trainingdata/" "Mozilla/5.0 (X11; Linux x86_64) AppleWebKit/537.36 (KHTML, like Gecko) Chrome/60.0.3112.90 Safari/537.36"
196.52.2.27 - - [17/Nov/2017:14:41:58 +0000] "GET /admin/jsi18n/ HTTP/1.1" 200 3217 "http://cryptowill.co/admin/persona/trainingdata/?p=16" "Mozilla/5.0 (X11; Linux x86_64) AppleWebKit/537.36 (KHTML, like Gecko) Chrome/60.0.3112.90 Safari/537.36"
196.52.2.27 - - [17/Nov/2017:14:42:02 +0000] "GET /admin/persona/trainingdata/11/change/?_changelist_filters=p%3D16 HTTP/1.1" 200 1560 "http://cryptowill.co/admin/persona/trainingdata/?p=16" "Mozilla/5.0 (X11; Linux x86_64) AppleWebKit/537.36 (KHTML, like Gecko) Chrome/60.0.3112.90 Safari/537.36"
196.52.2.27 - - [17/Nov/2017:14:42:02 +0000] "GET /admin/jsi18n/ HTTP/1.1" 200 3217 "http://cryptowill.co/admin/persona/trainingdata/11/change/?_changelist_filters=p%3D16" "Mozilla/5.0 (X11; Linux x86_64) AppleWebKit/537.36 (KHTML, like Gecko) Chrome/60.0.3112.90 Safari/537.36"
221.202.14.246 - - [17/Nov/2017:14:42:04 +0000] "GET /admin/ HTTP/1.1" 200 1477 "http://cryptowill.co/admin/auth/user/" "Mozilla/5.0 (Windows NT 10.0; Win64; x64) AppleWebKit/537.36 (KHTML, like Gecko) Chrome/62.0.3202.94 Safari/537.36"
196.52.2.27 - - [17/Nov/2017:14:42:04 +0000] "GET /admin/persona/trainingdata/?p=16 HTTP/1.1" 200 2567 "http://cryptowill.co/admin/persona/trainingdata/" "Mozilla/5.0 (X11; Linux x86_64) AppleWebKit/537.36 (KHTML, like Gecko) Chrome/60.0.3112.90 Safari/537.36"
196.52.2.27 - - [17/Nov/2017:14:42:07 +0000] "GET /admin/persona/trainingdata/17/change/?_changelist_filters=p%3D16 HTTP/1.1" 200 1560 "http://cryptowill.co/admin/persona/trainingdata/?p=16" "Mozilla/5.0 (X11; Linux x86_64) AppleWebKit/537.36 (KHTML, like Gecko) Chrome/60.0.3112.90 Safari/537.36"
196.52.2.27 - - [17/Nov/2017:14:42:07 +0000] "GET /admin/jsi18n/ HTTP/1.1" 200 3217 "http://cryptowill.co/admin/persona/trainingdata/17/change/?_changelist_filters=p%3D16" "Mozilla/5.0 (X11; Linux x86_64) AppleWebKit/537.36 (KHTML, like Gecko) Chrome/60.0.3112.90 Safari/537.36"
196.52.2.27 - - [17/Nov/2017:14:42:09 +0000] "GET /admin/persona/trainingdata/?p=16 HTTP/1.1" 200 2568 "http://cryptowill.co/admin/persona/trainingdata/" "Mozilla/5.0 (X11; Linux x86_64) AppleWebKit/537.36 (KHTML, like Gecko) Chrome/60.0.3112.90 Safari/537.36"
196.52.2.27 - - [17/Nov/2017:14:42:13 +0000] "GET /admin/persona/trainingdata/12/change/?_changelist_filters=p%3D16 HTTP/1.1" 200 1563 "http://cryptowill.co/admin/persona/trainingdata/?p=16" "Mozilla/5.0 (X11; Linux x86_64) AppleWebKit/537.36 (KHTML, like Gecko) Chrome/60.0.3112.90 Safari/537.36"
196.52.2.27 - - [17/Nov/2017:14:42:14 +0000] "GET /admin/jsi18n/ HTTP/1.1" 200 3217 "http://cryptowill.co/admin/persona/trainingdata/12/change/?_changelist_filters=p%3D16" "Mozilla/5.0 (X11; Linux x86_64) AppleWebKit/537.36 (KHTML, like Gecko) Chrome/60.0.3112.90 Safari/537.36"
196.52.2.27 - - [17/Nov/2017:14:42:15 +0000] "GET /admin/persona/trainingdata/?p=16 HTTP/1.1" 200 2566 "http://cryptowill.co/admin/persona/trainingdata/" "Mozilla/5.0 (X11; Linux x86_64) AppleWebKit/537.36 (KHTML, like Gecko) Chrome/60.0.3112.90 Safari/537.36"
221.202.14.246 - - [17/Nov/2017:14:42:16 +0000] "GET /admin/persona/benefactorprofile/ HTTP/1.1" 200 1539 "http://cryptowill.co/admin/" "Mozilla/5.0 (Windows NT 10.0; Win64; x64) AppleWebKit/537.36 (KHTML, like Gecko) Chrome/62.0.3202.94 Safari/537.36"
221.202.14.246 - - [17/Nov/2017:14:42:16 +0000] "GET /admin/jsi18n/ HTTP/1.1" 200 3217 "http://cryptowill.co/admin/persona/benefactorprofile/" "Mozilla/5.0 (Windows NT 10.0; Win64; x64) AppleWebKit/537.36 (KHTML, like Gecko) Chrome/62.0.3202.94 Safari/537.36"
